core_cm4.h:1688:22:__NVIC_EnableIRQ	16	static
core_cm4.h:1816:22:__NVIC_SetPriority	16	static
osKernel.c:45:6:osKernelStackInit	16	static
osKernel.c:74:9:osKernelAddThreads	24	static,ignoring_inline_asm
osKernel.c:108:6:osKernelInit	4	static
osKernel.c:114:6:osKernelLaunch	16	static
osKernel.c:142:29:SysTick_Handler	0	static,ignoring_inline_asm
osKernel.c:185:6:osSchedulerLaunch	4	static,ignoring_inline_asm
osKernel.c:221:6:osThreadYield	4	static
osKernel.c:231:6:osSchedulerRoundRobin	8	static
osKernel.c:244:6:tim2_1hz_interrupt_init	8	static
osKernel.c:268:6:osSemaphoreInit	16	static
osKernel.c:274:6:osSemaphoreSet	16	static,ignoring_inline_asm
osKernel.c:282:6:osSemaphoreWait	16	static,ignoring_inline_asm
