06:35:17 **** Incremental Build of configuration Debug for project 5_RoundRobinScheduler ****
make -j8 all 
arm-none-eabi-gcc "../Src/main.c" -mcpu=cortex-m4 -std=gnu11 -g3 -DSTM32F411xE -c -I../Inc -I"C:/Users/Gaming Laptop RTX/Documents/BuildYourOwnRTOS/GCC_STM32CubeIDE/5_RoundRobinScheduler/chip_headers/CMSIS/Include" -I"C:/Users/Gaming Laptop RTX/Documents/BuildYourOwnRTOS/GCC_STM32CubeIDE/5_RoundRobinScheduler/chip_headers/CMSIS/Device/ST/STM32F4xx/Include" -O0 -ffunction-sections -fdata-sections -Wall -fstack-usage -MMD -MP -MF"Src/main.d" -MT"Src/main.o" --specs=nano.specs -mfpu=fpv4-sp-d16 -mfloat-abi=hard -mthumb -o "Src/main.o"
arm-none-eabi-gcc -o "5_RoundRobinScheduler.elf" @"objects.list"   -mcpu=cortex-m4 -T"C:\Users\Gaming Laptop RTX\Documents\BuildYourOwnRTOS\GCC_STM32CubeIDE\5_RoundRobinScheduler\STM32F411RETX_FLASH.ld" --specs=nosys.specs -Wl,-Map="5_RoundRobinScheduler.map" -Wl,--gc-sections -static --specs=nano.specs -mfpu=fpv4-sp-d16 -mfloat-abi=hard -mthumb -Wl,--start-group -lc -lm -Wl,--end-group
Finished building target: 5_RoundRobinScheduler.elf
 
arm-none-eabi-objdump -h -S  5_RoundRobinScheduler.elf  > "5_RoundRobinScheduler.list"
arm-none-eabi-objcopy  -O binary  5_RoundRobinScheduler.elf  "5_RoundRobinScheduler.bin"
arm-none-eabi-size   5_RoundRobinScheduler.elf 
   text	   data	    bss	    dec	    hex	filename
   6420	    108	   6436	  12964	   32a4	5_RoundRobinScheduler.elf
Finished building: default.size.stdout
 
Finished building: 5_RoundRobinScheduler.bin
 
Finished building: 5_RoundRobinScheduler.list
Command canceled

06:35:23 Build Cancelled. (took 5s.626ms)

